This is a 1.0.0 and 1.0.0
    1.0.0 @1.0.0 @VCS_TAG
