This is a "fallback version" and "fallback version"
    "fallback version" @"fallback version" @VCS_TAG
